[
  [
    "src/core/forms/base-field.ts",
    "src/core/forms/form-renderer.ts",
    "src/core/forms/utils/fields/is-custom-field-with-choices.ts",
    "src/core/forms/utils/fields/fields-map.ts",
    "src/core/forms/interface/fields/field-components-map.ts"
  ]
]